// Jest Snapshot v1, https://goo.gl/fbAQLP

exports[`renders correctly 1`] = `
<div
  className="RetroAppBar-root-1"
>
  <header
    className="MuiPaper-root-10 MuiPaper-shadow4-16 MuiAppBar-root-3 MuiAppBar-positionFixed-4 MuiAppBar-colorPrimary-8 mui-fixed"
  >
    <div
      className="MuiToolbar-root-37 MuiToolbar-gutters-38"
    >
      <h2
        className="MuiTypography-root-39 MuiTypography-title-45 MuiTypography-colorInherit-58 RetroAppBar-flex-2"
      >
        Retrobox
      </h2>
      <button
        className="MuiButtonBase-root-77 MuiButton-root-63 MuiButton-flatContrast-68"
        disabled={false}
        onBlur={[Function]}
        onClick={[Function]}
        onFocus={[Function]}
        onKeyDown={[Function]}
        onKeyUp={[Function]}
        onMouseDown={[Function]}
        onMouseLeave={[Function]}
        onMouseUp={[Function]}
        onTouchEnd={[Function]}
        onTouchMove={[Function]}
        onTouchStart={[Function]}
        role="button"
        tabIndex={0}
        type="button"
      >
        <span
          className="MuiButton-label-65"
        >
          This is a buttonText
        </span>
        <span
          className="MuiTouchRipple-root-79"
        />
      </button>
    </div>
  </header>
</div>
`;
