// Jest Snapshot v1, https://goo.gl/fbAQLP

exports[`renders correctly 1`] = `
<div>
  <div
    className="withRouter-RetroAppBar--root-3"
  >
    <header
      className="MuiPaper-root-14 MuiPaper-elevation4-20 MuiAppBar-root-5 MuiAppBar-positionFixed-6 MuiAppBar-colorPrimary-12 mui-fixed"
    >
      <div
        className="MuiToolbar-root-41 MuiToolbar-regular-43 MuiToolbar-gutters-42"
      >
        <p
          className="MuiTypography-root-45 MuiTypography-body1-54 MuiTypography-colorInherit-74 MuiTypography-alignCenter-68 withRouter-RetroAppBar--flex-4"
          type="title"
        >
          <a
            className="MuiButtonBase-root-107 MuiButton-root-81 MuiButton-text-83 MuiButton-flat-86"
            href="/"
            onBlur={[Function]}
            onClick={[Function]}
            onContextMenu={[Function]}
            onFocus={[Function]}
            onKeyDown={[Function]}
            onKeyUp={[Function]}
            onMouseDown={[Function]}
            onMouseLeave={[Function]}
            onMouseUp={[Function]}
            onTouchEnd={[Function]}
            onTouchMove={[Function]}
            onTouchStart={[Function]}
            role="button"
            tabIndex="0"
          >
            <span
              className="MuiButton-label-82"
            >
              Retrobox
            </span>
            <span
              className="MuiTouchRipple-root-140"
            />
          </a>
        </p>
        <button
          className="MuiButtonBase-root-107 MuiButton-root-81 MuiButton-text-83 MuiButton-flat-86"
          disabled={false}
          onBlur={[Function]}
          onClick={[Function]}
          onContextMenu={[Function]}
          onFocus={[Function]}
          onKeyDown={[Function]}
          onKeyUp={[Function]}
          onMouseDown={[Function]}
          onMouseLeave={[Function]}
          onMouseUp={[Function]}
          onTouchEnd={[Function]}
          onTouchMove={[Function]}
          onTouchStart={[Function]}
          tabIndex="0"
          type="button"
        >
          <span
            className="MuiButton-label-82"
          >
            text
          </span>
          <span
            className="MuiTouchRipple-root-140"
          />
        </button>
      </div>
    </header>
  </div>
  <form
    className="team-selector"
    onSubmit={[Function]}
  >
    <h2
      className="MuiTypography-root-45 MuiTypography-body1-54"
      type="headline"
    >
      Please Enter a Teamname
    </h2>
    <div
      className="MuiInputBase-root-123 MuiInput-root-110 MuiInput-underline-114 TeamPicker-input-1"
      onClick={[Function]}
      required={true}
    >
      <input
        aria-label="Description"
        className="MuiInputBase-input-133 MuiInput-input-118"
        onBlur={[Function]}
        onChange={[Function]}
        onFocus={[Function]}
        placeholder="Team Name"
        required={true}
        type="text"
      />
    </div>
    <button
      className="MuiButtonBase-root-107 MuiButton-root-81 MuiButton-text-83 MuiButton-flat-86 TeamPicker-button-2"
      disabled={false}
      onBlur={[Function]}
      onContextMenu={[Function]}
      onFocus={[Function]}
      onKeyDown={[Function]}
      onKeyUp={[Function]}
      onMouseDown={[Function]}
      onMouseLeave={[Function]}
      onMouseUp={[Function]}
      onTouchEnd={[Function]}
      onTouchMove={[Function]}
      onTouchStart={[Function]}
      raised="true"
      tabIndex="0"
      type="submit"
    >
      <span
        className="MuiButton-label-82"
      >
        Open team Retrobox
      </span>
      <span
        className="MuiTouchRipple-root-140"
      />
    </button>
  </form>
</div>
`;
