// Jest Snapshot v1, https://goo.gl/fbAQLP

exports[`renders correctly 1`] = `
<div>
  <div
    className="withRouter-RetroAppBar--root-3"
  >
    <header
      className="MuiPaper-root-12 MuiPaper-shadow4-18 MuiAppBar-root-5 MuiAppBar-positionFixed-6 MuiAppBar-colorPrimary-10 mui-fixed"
    >
      <div
        className="MuiToolbar-root-39 MuiToolbar-gutters-40"
      >
        <h2
          className="MuiTypography-root-41 MuiTypography-title-47 MuiTypography-colorInherit-60 MuiTypography-alignCenter-54 withRouter-RetroAppBar--flex-4"
        >
          <a
            className="MuiButtonBase-root-79 MuiButton-root-65 MuiButton-flatContrast-70"
            disabled={false}
            href="/"
            onBlur={[Function]}
            onClick={[Function]}
            onFocus={[Function]}
            onKeyDown={[Function]}
            onKeyUp={[Function]}
            onMouseDown={[Function]}
            onMouseLeave={[Function]}
            onMouseUp={[Function]}
            onTouchEnd={[Function]}
            onTouchMove={[Function]}
            onTouchStart={[Function]}
            role="button"
            tabIndex={0}
          >
            <span
              className="MuiButton-label-67"
            >
              Retrobox
            </span>
            <span
              className="MuiTouchRipple-root-81"
            />
          </a>
        </h2>
        <button
          className="MuiButtonBase-root-79 MuiButton-root-65 MuiButton-flatContrast-70"
          disabled={false}
          onBlur={[Function]}
          onClick={[Function]}
          onFocus={[Function]}
          onKeyDown={[Function]}
          onKeyUp={[Function]}
          onMouseDown={[Function]}
          onMouseLeave={[Function]}
          onMouseUp={[Function]}
          onTouchEnd={[Function]}
          onTouchMove={[Function]}
          onTouchStart={[Function]}
          role="button"
          tabIndex={0}
          type="button"
        >
          <span
            className="MuiButton-label-67"
          >
            text
          </span>
          <span
            className="MuiTouchRipple-root-81"
          />
        </button>
      </div>
    </header>
  </div>
  <form
    className="team-selector"
    onSubmit={[Function]}
  >
    <h2
      className="MuiTypography-root-41 MuiTypography-headline-46"
    >
      Please Enter a Teamname
    </h2>
    <div
      className="MuiInput-root-88 MuiInput-inkbar-90 MuiInput-underline-94 TeamPicker-input-1"
      onBlur={[Function]}
      onFocus={[Function]}
      required={true}
    >
      <input
        aria-label="Description"
        className="MuiInput-input-97 MuiInput-inputSingleline-100"
        onChange={[Function]}
        placeholder="Team Name"
        type="text"
      />
    </div>
    <button
      className="MuiButtonBase-root-79 MuiButton-root-65 MuiButton-raised-72 TeamPicker-button-2"
      disabled={false}
      onBlur={[Function]}
      onFocus={[Function]}
      onKeyDown={[Function]}
      onKeyUp={[Function]}
      onMouseDown={[Function]}
      onMouseLeave={[Function]}
      onMouseUp={[Function]}
      onTouchEnd={[Function]}
      onTouchMove={[Function]}
      onTouchStart={[Function]}
      role="button"
      tabIndex={0}
      type="submit"
    >
      <span
        className="MuiButton-label-67"
      >
        Open team Retrobox
      </span>
      <span
        className="MuiTouchRipple-root-81"
      />
    </button>
  </form>
</div>
`;
