// Jest Snapshot v1, https://goo.gl/fbAQLP

exports[`renders correctly 1`] = `
<form
  className="team-selector"
  onSubmit={[Function]}
>
  <h2
    className="MuiTypography-root-3 MuiTypography-headline-8"
  >
    Please Enter a Teamname
  </h2>
  <div
    className="MuiInput-root-27 MuiInput-inkbar-29 MuiInput-underline-35 TeamPicker-input-1"
    onBlur={[Function]}
    onFocus={[Function]}
    required={true}
  >
    <input
      aria-label="Description"
      autoComplete={undefined}
      autoFocus={undefined}
      className="MuiInput-input-31 MuiInput-inputSingleline-38"
      defaultValue={undefined}
      disabled={undefined}
      id={undefined}
      name={undefined}
      onChange={[Function]}
      onKeyDown={undefined}
      onKeyUp={undefined}
      placeholder="Team Name"
      readOnly={undefined}
      required={undefined}
      rows={undefined}
      type="text"
      value={undefined}
    />
  </div>
  <button
    className="MuiButtonBase-root-56 MuiButton-root-42 MuiButton-raised-49 TeamPicker-button-2"
    disabled={false}
    onBlur={[Function]}
    onFocus={[Function]}
    onKeyDown={[Function]}
    onKeyUp={[Function]}
    onMouseDown={[Function]}
    onMouseLeave={[Function]}
    onMouseUp={[Function]}
    onTouchEnd={[Function]}
    onTouchMove={[Function]}
    onTouchStart={[Function]}
    role="button"
    tabIndex={0}
    type="submit"
  >
    <span
      className="MuiButton-label-44"
    >
      Open team Retrobox
    </span>
    <span
      className="MuiTouchRipple-root-58"
    />
  </button>
</form>
`;
